2026-02-22 00:29:55,065 - train_model - INFO - Loading data from data\raw\complaints\mock_training_data.json
2026-02-22 00:29:55,287 - train_model - INFO - Loaded 2000 samples
2026-02-22 00:38:28,847 - train_model - INFO - Loading data from data\raw\complaints\mock_training_data.json
2026-02-22 00:38:28,900 - train_model - INFO - Loaded 2000 samples
2026-02-22 00:38:29,303 - train_model - INFO - Fitted vocabulary size: 630 words
2026-02-22 00:38:29,312 - train_model - INFO - Saved tokenizer to d:\DEV\Projects\Greivances_Patent\outputs\models\tokenizer.pkl
2026-02-22 00:38:29,332 - train_model - INFO - Training samples: 1600, Validation samples: 400
2026-02-22 00:38:29,339 - train_model - INFO - Creating cnn_bilstm model
2026-02-22 00:38:31,974 - train_model - INFO - Model compiled successfully
2026-02-22 00:38:32,021 - train_model - INFO - Starting training...
2026-02-22 00:43:23,412 - train_model - INFO - Training complete! Model saved to d:\DEV\Projects\Greivances_Patent\outputs\models\model_cnn_bilstm_final.h5
2026-02-22 15:11:59,818 - train_model - INFO - Loading data from data\raw\complaints\mock_training_data.json
2026-02-22 15:11:59,948 - train_model - INFO - Loaded 10000 samples
2026-02-22 15:12:00,236 - train_model - INFO - Fitted vocabulary size: 1062 words
2026-02-22 15:12:00,236 - train_model - INFO - Saved tokenizer to D:\DEV\Projects\Greivances_Patent\outputs\models\tokenizer.pkl
2026-02-22 15:12:00,244 - train_model - INFO - Training samples: 8000, Validation samples: 2000
2026-02-22 15:12:00,245 - train_model - INFO - Creating cnn_bilstm model
2026-02-22 15:12:00,680 - train_model - INFO - Model compiled successfully
2026-02-22 15:12:00,681 - train_model - INFO - Starting training...
2026-02-22 15:20:28,521 - train_model - INFO - Training complete! Model saved to D:\DEV\Projects\Greivances_Patent\outputs\models\model_cnn_bilstm_final.h5
